[    0.000000] Initializing cgroup subsys cpuset
[    0.000000] Initalizingg cgroup subsys cpu
[    0.000000] Initializing cgroup subsys cpuacct
[    0.000000] Linux version 4.4.0-139-generic (buildd@lc1-amd6-06) (gcc version 5.4.0 20160609 (Ubuntu 5.4.0-6ubuntu1~16.04.10) ) #165-Ubuntu SMP Wed Oct 24 10:58:50 UTC 2018 (Ubuntu 4.4.0-139.165-generic 4.4.160)
[    0.000000Commnd line: BOOT_IMAGE/boot/vmlnuz-4.4.0-139-generic root=LABEL=cloudimg-rootfs ro console=tty1 console=ttyS0
[    0.000000] KERNEL supported cpus:
[    0.000000]   Intel GenuineIntel
[    0.000000]   AMD AuthenticAMD
[    0.000000]   Centaur CentaurHauls
[    0.000000] x86/fpu: xstate_offset[2]:  576, xstate_sizes[2]:  256
[    0.000000] x86/fpu: Supporting XSSAVE feature 0x01: 'x87 floating point registers'
[    0.000000] x86/fpu: Supporting XSAVE feature 0x02: 'SSE registers'
[    0.00000] x86/fpu: Supporting XSAVE featre 0x04: 'AVX registers'
[    0.000000] x86/fpu: Enabled xstate features 0x7, context size is 832 bytes, using 'standard' format.
[    0.000000] e820: BIO-provided physical RAM ma:
[   0.00000] BIOS-e820: [mem 0x0000000000000000-0x000000000009fbff] usable
[    0.000000] BIOS-e820: [mem 0x000000000009fc00-0x000000000009ffff] reserved
[    0.00000] BIOS-e820: [mem 0x00000000000f0000-0x00000000000fffff] reserve
[    0.000000] BIOS-e820: [mem 0x0000000000100000-0x000000003ffeffff] usable
[    0.000000] BIOS-e820: [mem 0x000000003fff0000-0x000000003ffffffff] ACPI data
[    0.000000] BIOS-e820: [mem 0x00000000fec00000-0x000000fec00fff] reserved
[    0.000000] BIOS-e820: [mem 0x00000000fee00000-0x00000000fee00fff] reserved
[    0.000000] BIOS-e820: [mem 0x00000000fffc0000-0x00000000ffffffff] reserved
[    .000000] NX (Execute Disable) protection: active
[    0.000000] SMBIOS 2.5 present.
[    0.000000] Hypervisor detected: KVM
[    0.000000] e820: last_pfn = 0x3fff0 max_arch_pfn = 0x400000000
[    0.00000] MTRR: Disabled
[    .000000] x86/PAT: MTRRs disabled, skipping PAT initialization too.
[    0.00000] CPU MTRRs all blank - virtualized system.
[    0.000000] x86/PAT: Configuration [0-7]: WB  WT  UC- UC  WB  WT  UC- UC  
[    0.000000] found SMP MP-table at [mem 0x0009fff0-0x0009ffff] mapped at [ffff88000009fff0]
[    0.000000] Scanning 1 areas for low memory corrupttion
[    0.000000] RAMDISK: [mem 0x3630c000-0x3717dfff]
[    0.000000] ACPI: Early table checksum verification disabled
[    0.000000] ACPI: RSDP 0x00000000000E0000 000024 (v02 VBOX  )
[    0.000000] ACPI: XSDT 0x000000003FFF0030 00003C (v01 VBOX   VBOXXSDT 00000001 ASL  00000061)
[    0.000000] ACPI: FACP 0x000000003FFF00F0 0000F4 (v04 VBOX   VBOXFACP 00000001 ASL  00000061)
[    0.000000] ACPI: DSDT 0x000000003FFF0470 0021FF (v02 VBOX   VBOXBIOS 00000002 INTL 20100528)
[    0.000000] ACPI: FACS 0x000000003FFF0200 000040
[    0.000000] ACPI: FACS 0x000000003FFF0200 000040
[    0.000000] ACPI: APIC 0x000000003FFF0240 00005C (v02 VBOX   VBOXAPIC 00000001 ASL  00000061)
[    0.000000] ACPI: SSDT 0x000000003FFF02A0 0001CC (v01 VBOX   VBOXCPUT 00000002 INTL 20100528)
[    0.000000] No NUMA configuration found
[    0.000000] Faking a node at [mem 0x0000000000000000-0x000000003ffeffff]
[    0.000000] NODE_DATA(0) allocated [mem 0x3ffeb000-0x3ffeffff]
[    0.000000] kvm-clock: Using msrs 4b564d01 and 4b564d00
[    0.000000] kvm-clock: cpu 0, msr 0:3fe3001, primary cpu clock
[    .00000] vm-clock: using sched offset of 4655817600 cycles
[    0.000000] clocksource: kvm-clock: mask: 0xffffffffffffffff max_cycles: 0x1cd42e4dffb, max_idle_ns: 881590591483 ns
[    0.000000] Zone ranges:
[    0.000000]   DMA      [mem 0x0000000000001000-0x0000000000ffffff]
[    0.000000]   DMA32    [mem 0x0000000001000000-0x000000003ffeffff]
[    0.000000]   Normal   empty
[    0.000000]   Device   empty
[    0.000000] Movable zone start for each node
[    0.000000] Early memory node ranges
[    0.000000]   node   0: [mem 0x000000000001000-0x000000000009efff]
[    0.000000]   node   0: [mem 0x0000000000100000-0x000000003ffeffff]
[    0.000000] Initmem setup node 0 [mem 0x0000000000001000-0x000000003ffeffff]
[    0.000000] ACPI: PM-Timer IO Port: 0x4008
[    0.000000] IOAPIC[0]: apic_id 2, version 32, address 0xfec00000, GSI 0-23
[    0.000000] ACPI: INT_SRC_OVR (bus 0 bus_irq 0 global_irq 2 dfl dfl)
[    0.000000] ACPI: INT_SRC_OVR (bus 0 bus_irq 9 global_irq 9 low level)
[    0.000000] Using ACPI (MADT) for SMP configuration information
[    0.000000] smpboot: Allowing 2 CPUs, 0 hotplug CPUs
[    0.000000] PM: Registered nosave memory: [mem 0x00000000-0x00000fff]
[    0.000000] PM: Registered nosave memory: [mem 0x0009f000-0x0009ffff]
[    0.000000] PM: Registere nosave memory: [mem 0x0a0000-0x00ffff]
[    0.000000PM: Registered nosave memory: [mem 0x000f0000-0x000fffff]
    0.0000] e820: [mm 0x40000000-0xfebfffff] available for PCI devices
[    0.000000] Booting paravirtualized kernel on KVM
[    0.000000] clocksource: refined-jiffies: mask: 0xffffffff max_cycles: 0xffffffff, max_idle_ns: 7645519600211568 ns
[    0.000000] setup_percpu: NR_CPUS:512 nr_cpumask_bits512 nr_cpu_ids:2 nr_node_ids:1
[    0.000000] PERCPU: Embedded 34 pages/cpu@ffff88003fc00000 s99608 r8192 d31464 u1048576
[    0.000000] PV qspinlock hash table etries: 256 (order: 0, 4096 bytes)
[    0.000000] Built 1 zonelists in Node order, mobility grouping on.  Total pages: 257912
[    0.000000] Polic zne: DA3
[    0.000000] Kernel command line: BOOT_IMAGE=/ot/vmlinuz-4.4.0-139-generic root=LABEL=cloudimg-ootfs ro console=tty1 console=ttyS0
[   0.000000] PID hashtable entries: 4096 (order: 3, 32768 bytes)
[    0.000000] Memory: 997712K/1048120K available (854Kkernel code, 1314K rwdata, 4004K rodata, 1528K init, 1316K bss, 50408K reserved, 0K cma-reserved)
[    0.000000] SLUB: HWalign=4,Order=0-3, MinObjects=0 CPUs=2 Nodes=1
[  0.00000]Kernel/User page tables isolation: enabled
[    0.000000] Hierarchical RCU implementation.
[  0.000000] 	Build-time adjustment of leaf fanout to 64.
[    0.000000] 	RCU restricting CPUs from NCPUS=512o nr_cpu_ids=2.
[    0.000000] RCU: Adjusting geometry for rcu_fanout_leaf=64, nr_cpu_ids=2
[    0.000000] NR_IRQS:33024 nr_irqs:440 16
[    0.000000] Console: colour VGA+ 825
    0.000000] console [tty1] enabled
[    0.000000] console [ttyS0] enabled
[    0.00000] tsc: Detected 1999.999 MHz processor
[    2.323659] Calibrating delay loop (skipped) preset value.. 3999.99 BogoMIPS (lpj=7999996)
[    2.345143] pid_max: default: 32768 minimum: 301
[    2.359619] ACPI: Core revision 20150930
[    2.362968] ACPI: 2 ACPI AML tables successfully acquired and loaded
[    2.377237] Security Framework initialized
[    2.388108] Yama: becoming mindful.
[    2.400460] AppArmor: AppArmor initialized
[    2.425706] Dentry cache hash table entries: 131072 (order: 8, 1048576 bytes)
[    2.482651] Inode-cache hash table entries: 65536 (order: 7, 524288 bytes)
[    2.492989] Mount-cache hash table entries: 2048 (order: 2, 16384 bytes)
[    2.516164] Mountpoint-cache hash table entries: 2048 (order: 2, 16384 bytes)
[    2.533970] Initializing cgroup subsys io
[    2.537530] Initializing cgroup subsys memory
[    2.541202] Initializing cgroup subsys devices
[    2.564257] Initializing cgroup subsys freezer
[    2.570387] Initializing cgroup subsys net_cls
[    2.580092] Initializing cgroup subsys perf_event
[    2.649067] Initializing cgroup subsys net_prio
[    2.656107] Initializing cgroup subsys hugetlb
[    2.669570] Initializing cgroup subsys pids
[    2.675161] mce: CPU supports 0 MCE banks
[    2.679950] Last level iTLB entries: 4KB 1024, 2MB 1024, 4MB 1024
[    2.686436] Last level dTLB entries: 4KB 1024, 2MB 1024, 4MB 1024, 1GB 4
[    2.692443] Spectre V2 : Mitigation: Full generic retpoline
[    2.698037] Spectre V2 : Spectre v2 mitigation: Speculation control IBPB not-supported IBRS not-supported
[    2.725046] Spectre V2 : Spectre v2 / SpectreRSB mitigation: Filling RSB on context switch
[    2.743164] Speculative Store Bypass: Vulnerable
[    2.757563] Freeing SMP alternatives memory: 32K
[    2.788785] ftrace: allocating 32278 entries in 127 pages
[    2.876913] smpboot: APIC(0) Converting physical 0 to logical package 0
[    2.884097] smpboot: Max logical packages: 1
[    2.901907] x2apic enabled
[    2.910026] Switched APIC routing to physical x2apic.
[    2.919276] ..TIMER: vector=0x30 apic1=0 pin1=2 apic2=-1 pin2=-1
[    3.035370] smpboot: CPU0: Intel(R) Core(TM) i5-4260U CPU @ 1.40GHz (family: 0x6, model: 0x45, stepping: 0x1)
[    3.047098] Performance Events: unsupported p6 CPU model 69 no PMU driver, software events only.
[    3.058987] KVM setup paravirtual spinlock
[    3.061663] x86: Booting SMP configuration:
[    3.063561] .... node  #0, CPUs:      #1
[    3.066451] kvm-clock: cpu 1, msr 0:3ffe3041, secondary cpu clock
[    3.069715] mce: CPU supports 0 MCE banks
[    3.073288] x86: Booted up 1 node, 2 CPUs
[    3.084325] smpboot: Total of 2 processors activated (7999.99 BogoMIPS)
[    3.087794] devtmpfs: initialized
[    3.092075] evm: security.selinux
[    3.095360] evm: security.SMACK64
[    3.096892] evm: security.SMACK64EXEC
[    3.098681] evm: security.SMACK64TRANSMUTE
[    3.101541] evm: security.SMACK64MMAP
[    3.106816] evm: security.ima
[    3.108672] evm: security.capability
[    3.116527] clocksource: jiffies: mask: 0xffffffff max_cycles: 0xffffffff, max_idle_ns: 7645041785100000 ns
[    3.123320] futex hash table entries: 512 (order: 3, 32768 bytes)
[    3.130059] pinctrl core: initialized pinctrl subsystem
[    3.134209] RTC time: 19:13:07, date: 11/29/18
[    3.136334] NET: Registered protocol family 16
[    3.148421] cpuidle: using governor ladder
[    3.164734] cpuidle: using governor menu
[    3.171990] PCCT header not found.
[    3.191387] ACPI: bus type PCI registered
[    3.200737] acpiphp: ACPI Hot Plug PCI Controller Driver version: 0.5
[    3.214503] PCI: Using configuration type 1 for base access
[    3.239593] ACPI: Added _OSI(Module Device)
[    3.260553] ACPI: Added _OSI(Processor Device)
[    3.295633] ACPI: Added _OSI(3.0 _SCP Extensions)
[    3.333011] ACPI: Added _OSI(Processor Aggregator Device)
[    3.350715] ACPI: Executed 1 blocks of module-level executable AML code
[    3.363923] ACPI: Interpreter enabled
[    3.365878] ACPI: (supports S0 S5)
[    3.367596] ACPI: Using IOAPIC for interrupt routing
[    3.370624] PCI: Using host bridge windows from ACPI; if necessary, use "pci=nocrs" and report a bug
[    3.381324] ACPI: PCI Root Bridge [PCI0] (domain 0000 [bus 00-ff])
[    3.386208] acpi PNP0A03:00: _OSC: OS supports [ASPM ClockPM Segments MSI]
[    3.389643] acpi PNP0A03:00: _OSC: not requesting OS control; OS requires [ExtendedConfig ASPM ClockPM MSI]
[    3.395031] acpi PNP0A03:00: fail to add MMCONFIG information, can't access extended PCI configuration space under this bridge.
[    3.401605] PCI host bridge to bus 0000:00
[    3.409524] pci_bus 0000:00: root bus resource [io  0x0000-0x0cf7 window]
[    3.415010] pci_bus 0000:00: root bus resource [io  0x0d00-0xffff window]
[    3.425187] pci_bus 0000:00: root bus resource [mem 0x000a0000-0x000bffff window]
[    3.437829] pci_bus 0000:00: root bus resource [mem 0x40000000-0xfdffffff window]
[    3.459122] pci_bus 0000:00: root bus resource [bus 00-ff]
[    3.467457] pci 0000:00:01.1: legacy IDE quirk: reg 0x10: [io  0x01f0-0x01f7]
[    3.477784] pci 0000:00:01.1: legacy IDE quirk: reg 0x14: [io  0x03f6]
[    3.493197] pci 0000:00:01.1: legacy IDE quirk: reg 0x18: [io  0x0170-0x0177]
[    3.499518] pci 0000:00:01.1: legacy IDE quirk: reg 0x1c: [io  0x0376]
[    3.545795] pci 0000:00:07.0: quirk: [io  0x4000-0x403f] claimed by PIIX4 ACPI
[    3.557091] pci 0000:00:07.0: quirk: [io  0x4100-0x410f] claimed by PIIX4 SMB
[    3.583661] ACPI: PCI Interrupt Link [LNKA] (IRQs 5 9 10 *11)
[    3.589833] ACPI: PCI Interrupt Link [LNKB] (IRQs 5 9 *10 11)
[    3.599683] ACPI: PCI Interrupt Link [LNKC] (IRQs 5 *9 10 11)
[    3.609693] ACPI: PCI Interrupt Link [LNKD] (IRQs 5 9 10 *11)
[    3.617800] ACPI: Enabled 2 GPEs in block 00 to 07
[    3.627866] vgaarb: setting as boot device: PCI:0000:00:02.0
[    3.636994] vgaarb: device added: PCI:0000:00:02.0,decodes=io+mem,owns=io+mem,locks=none
[    3.643681] vgaarb: loaded
[    3.646590] vgaarb: bridge control possible 0000:00:02.0
[    3.650517] SCSI subsystem initialized
[    3.652504] ACPI: bus type USB registered
[    3.658494] usbcore: registered new interface driver usbfs
[    3.662111] usbcore: registered new interface driver hub
[    3.664665] usbcore: registered new device driver usb
[    3.671542] PCI: Using ACPI for IRQ routing
[    3.678812] NetLabel: Initializing
[    3.680607] NetLabel:  domain hash size = 128
[    3.685072] NetLabel:  protocols = UNLABELED CIPSOv4
[    3.688000] NetLabel:  unlabeled traffic allowed by default
[    3.719528] amd_nb: Cannot enumerate AMD northbridges
[    3.725548] clocksource: Switched to clocksource kvm-clock
[    3.759163] AppArmor: AppArmor Filesystem Enabled
[    3.763036] pnp: PnP ACPI init
[    3.766073] pnp: PnP ACPI: found 3 devices
[    3.788633] clocksource: acpi_pm: mask: 0xffffff max_cycles: 0xffffff, max_idle_ns: 2085701024 ns
[    3.792917] NET: Regstered protocol family 2

[    3.821501] TCP established hash table entries: 8192 (order: 4, 65536 bytes)
[    3.824865] TCP bind hash table entries: 8192 (order: 5 131072 bytes)
[    3.854362] TCP: Hash tables configured (esblished 8192 bind 8192)
[    3.911524] UDP has table entries: 512 (ordr: 2, 16384 bytes)
[    3.968054] UDP-Lite hash tble entries: 512 (order: 2, 16384 bytes)
[    3.997683] NET: Registered protocol family 1
[    4.000059] pci 0000:00:00.0: Limiting direct PCI/PCI transfers
[    4.003009] pci 0000:00:01.0: Activating ISA A hang workarounds
[    4.080014] Unpacknginitramfs...

[    4.443913] Freeing initrd memory: 14792K
[    4.450789] RAPL PMU detected, API unit is 2^-32 Joules, 4 fixed counters 10737418240 ms ovfl timer
[    4.455909] hw unit of domain pp0-core 2^-0 Joules
[    4.457872] hw unit of domain package 2^-0 Joules
[    4.462808] hw unit of domain dram 2^-0 Joules
[    4.464525] hw unit of domain pp1-gpu 2^-0 Joules
[    4.466713] platform rtc_cmos: registered platform RTC device (no PNP device found)
[    4.482956] Scanning for low memory corruption every 60 seconds
[    4.486069] audit: initializing netlink subsys (disabled)
[    4.488750] audit: type=2000 audit(1543518792.132:1): initialized
[    4.500517] Initialise system trusted keyring
[    4.507549] HugeTLB registered 2 MB page size, pre-allocated 0 pages
[    4.511763] zbud: loaded
[    4.515568] VFS: Disk quotas dquot_6.6.0
[    4.519392] VFS: Dquot-cache hash table entries: 512 (order 0, 4096 bytes)
[    4.524921] squashfs: version 4.0 (2009/01/31) Phillip Lougher
[    4.527897] fuse init (API version 7.23)
[    4.535097] Key type big_key registered
[    4.536697] Allocating IMA MOK and blacklist keyrings.
[    4.543551] Key type asymmetric registered
[    4.545115] Asymmetric key parser 'x509' registered
[    4.547020] Block layer SCSI generic (bsg) driver version 0.4 loaded (major 249)
[    4.550449] io scheduler noop registered
[    4.555499] io scheduler deadline registered (default)
[    4.557671] io scheduler cfq registered
[    4.560536] pci_hotplug: PCI Hot Plug PCI Core version: 0.5
[    4.563943] pciehp: PCI Express Hot Plug Controller Driver version: 0.4
[    4.571301] ACPI: AC Adapter [AC] (off-line)
[    4.582262] input: Power Button as /devices/LNXSYSTM:00/LNXPWRBN:00/input/input0
[    4.585316] ACPI: Power Button [PWRF]
[    4.587065] input: Sleep Button as /devices/LNXSYSTM:00/LNXSLPBN:00/input/input1
[    4.590400] ACPI: Sleep Button [SLPF]
[    4.592846] GHES: HEST is not enabled!
[    4.594614] ACPI: Battery Slot [BAT0] (battery present)
[    4.597219] Serial: 8250/16550 driver, 32 ports, IRQ sharing enabled
[    4.625457] 00:02: ttyS0 at I/O 0x3f8 (irq = 4, base_baud = 115200) is a 16550A
[   4.643568] Linux agpgart interface v0.103

[    4.675039] loop: module loaded
[    4.677450] scsi host0: ata_piix
[    4.679552] scsi host1: ata_piix
[    4.681174] ata1: PATA max UDMA/33 cmd 0x1f0 ctl 0x3f6 bmdma 0xd000 irq 14
[    4.684148] ata2: PATA max UDMA/33 cmd 0x170 ctl 0x376 bmdma 0xd008 irq 15
[    4.693864] libphy: Fixed MDIO Bus: probed
[    4.695714] tun: Universal TUN/TAP device driver, 1.6
[    4.697682] tun: (C) 1999-2004 Max Krasnyansky <maxk@qualcomm.com>
[    4.703643] PPP generic driver version 2.4.2
[    4.705759] ehci_hcd: USB 2.0 'Enhanced' Host Controller (EHCI) Driver
[    4.708297] ehci-pci: EHCI PCI platform driver
[    4.710354] ehci-platform: EHCI generic platform driver
[    4.715314] ohci_hcd: USB 1.1 'Open' Host Controller (OHCI) Driver
[    4.717974] ohci-pci: OHCI PCI platform driver
[    4.723891] ohci-platform: OHCI generic platform driver
[    4.727805] uhci_hcd: USB Universal Host Controller Interface driver
[    4.730712] i8042: PNP: PS/2 Controller [PNP0303:PS2K,PNP0f03:PS2M] at 0x60,0x64 irq 1,12
[    4.734598] serio: i8042 KBD port at 0x60,0x64 irq 1
[    4.736827] serio: i8042 AUX port at 0x60,0x64 irq 12
[    4.739417] mousedev: PS/2 mouse device common for all mice
[    4.742360] input: AT Translated Set 2 keyboard as /devices/platform/i8042/serio0/input/input2
[    4.752028] rtc_cmos rtc_cmos: rtc core: registered rtc_cmos as rtc0
[    4.755767] rtc_cmos rtc_cmos: alarms up to one day, 114 bytes nvram
[    4.758464] i2c /dev entries driver
[    4.760051] device-mapper: uevent: version 1.0.3
[    4.762316] device-mapper: ioctl: 4.34.0-ioctl (2015-10-28) initialised: dm-devel@redhat.com
[    4.765767] ledtrig-cpu: registered to indicate activity on CPUs
[    4.773813] NET: Registered protocol family 10
[    4.776527] NET: Registered protocol family 17
[    4.779079] Key type dns_resolver registered
[    4.784534] registered taskstats version 1
[    4.786555] Loading compiled-in X.509 certificates
[    4.789959] Loaded X.509 cert 'Build time autogenerated kernel key: a88b0f663ecfd40e6a501dee2f0b211d51902e35'
[    4.795551] zswap: loaded using pool lzo/zbud
[    4.800631] Key type trusted registered
[    4.812443] Key type encrypted registered
[    4.814337] AppArmor: AppArmor sha1 policy hashing enabled
[    4.816875] ima: No TPM chip found, activating TPM-bypass!
[    4.820818] ima: Allocated hash algorithm: sha1
[    4.823453] evm: HMAC attrs: 0x1
[    4.835454]   Magic number: 10:395:244
[    4.837179] rtc_cmos rtc_cmos: setting system clock to 2018-11-29 19:13:09 UTC (1543518789)
[    4.841671] BIOS EDD facility v0.16 2004-Jun-25, 0 devices found
[    4.844370] EDD information not available.
[    4.859541] Freeing unused kernel memory: 1528K
[    4.873912] Write protecting the kernel read-only data: 14336k
[    4.880849] Freeing unused kernel memory: 1664K
[    4.883468] Freeing unused kernel memory: 92K
Loading, please wait...
starting version 229
[    4.907022] random: systemd-udevd: uninitialized urandom read (16 bytes read, 3 bits of entropy available)
[    4.907745] random: udevadm: uninitialized urandom read (16 bytes read, 3 bits of entropy available)
[    4.907782] random: udevadm: uninitialized urandom read (16 bytes read, 3 bits of entropy available)
[    4.920973] random: udevadm: uninitialized urandom read (16 bytes read, 3 bits of entropy available)
[    4.921042] random: udevadm: uninitialized urandom read (16 bytes read, 3 bits of entropy available)
[    4.921252] random: udevadm: uninitialized urandom read (16 bytes read, 3 bits of entropy available)
[    4.921326] random: udevadm: uninitialized urandom read (16 bytes read, 3 bits of entropy available)
[    4.921402] random: udevadm: uninitialized urandom read (16 bytes read, 3 bits of entropy available)
[    4.921475] random: udevadm: uninitialized urandom read (16 bytes read, 3 bits of entropy available)
[    4.921548] random: udevadm: uninitialized urandom read (16 bytes read, 3 bits of entropy available)
[    5.081810] e1000: Intel(R) PRO/1000 Network Driver - version 7.3.21-k8-NAPI
[    5.100688] e1000: Copyright (c) 1999-2006 Intel Corporation.
[    5.125528] Fusion MPT base driver 3.04.20
[    5.127681] Copyright (c) 1999-2008 LSI Corporation
[    5.158049] AVX2 version of gcm_enc/dec engaged.
[    5.160679] AES CTR mode by8 optimization enabled
[    5.170918] Fusion MPT SPI Host driver 3.04.20
[    5.346434] input: ImExPS/2 Generic Explorer Mouse as /devices/platform/i8042/serio1/input/input4
[    5.465685] tsc: Refined TSC clocksource calibration: 2000.070 MHz
[    5.474422] clocksource: tsc: mask: 0xffffffffffffffff max_cycles: 0x1cd47074491, max_idle_ns: 440795259574 ns
[    5.712030] e1000 0000:00:03.0 eth0: (PCI:33MHz:32-bit) 02:6c:0f:88:42:07
[    5.715281] e1000 0000:00:03.0 eth0: Intel(R) PRO/1000 Network Connection
[    6.152714] e1000 0000:00:08.0 eth1: (PCI:33MHz:32-bit) 08:00:27:2f:d4:38
[    6.156517] e1000 0000:00:08.0 eth1: Intel(R) PRO/1000 Network Connection
[    6.176847] e1000 0000:00:03.0 enp0s3: renamed from eth0
[    6.178991] mptbase: ioc0: Initiating bringup
[    6.206919] e1000 0000:00:08.0 enp0s8: renamed from eth1
[    6.262014] ioc0: LSI53C1030 A0: Capabilities={Initiator}
[    6.439813] scsi host2: ioc0: LSI53C1030 A0, FwRev=00000000h, Ports=1, MaxQ=256, IRQ=20
[    6.567277] scsi 2:0:0:0: Direct-Access     VBOX     HARDDISK         1.0  PQ: 0 ANSI: 5
[    6.734609] scsi target2:0:0: Beginning Domain Validation
[    6.739695] scsi target2:0:0: Domain Validation skipping write tests
[    6.937057] scsi target2:0:0: Ending Domain Validation
[    7.336788] scsi target2:0:0: asynchronous
[    7.344585] scsi 2:0:1:0: Direct-Access     VBOX     HARDDISK         1.0  PQ: 0 ANSI: 5
[    7.349464] scsi target2:0:1: Beginning Domain Validation
[    7.382871] scsi target2:0:1: Domain Validation skipping write tests
[    7.385780] scsi target2:0:1: Ending Domain Validation
[    7.440411] scsi target2:0:1: asynchronous
[    7.456638] sd 2:0:0:0: [sda] 20971520 512-byte logical blocks: (10.7 GB/10.0 GiB)
[    7.456651] sd 2:0:0:0: Attached scsi generic sg0 type 0
[    7.457478] sd 2:0:1:0: Attached scsi generic sg1 type 0
[    7.458546] sd 2:0:1:0: [sdb] 20480 512-byte logical blocks: (10.5 MB/10.0 MiB)
[    7.459285] sd 2:0:1:0: [sdb] Write Protect is off
[    7.459503] sd 2:0:1:0: [sdb] Incomplete mode parameter data
[    7.459505] sd 2:0:1:0: [sdb] Assuming drive cache: write through
[    7.464591] sd 2:0:1:0: [sdb] Attached SCSI disk
[    7.491840] sd 2:0:0:0: [sda] Write Protect is off
[    7.496406] sd 2:0:0:0: [sda] Incomplete mode parameter data
[    7.501644] sd 2:0:0:0: [sda] Assuming drive cache: write through
[    7.507169]  sda: sda1
[    7.513933] sd 2:0:0:0: [sda] Attached SCSI disk
Begin: Loading essential drivers ... [    8.973973] md: linear personality registered for level -1
[    8.984908] md: multipath personality registered for level -4
[    8.991289] md: raid0 personality registered for level 0
[    8.999449] md: raid1 personality registered for level 1
[    9.074165] raid6: sse2x1   gen()  8006 MB/s
[    9.141883] raid6: sse2x1   xor()  6068 MB/s
[    9.209885] raid6: sse2x2   gen() 10269 MB/s
[    9.278453] raid6: sse2x2   xor()  6937 MB/s
[    9.345840] raid6: sse2x4   gen() 11964 MB/s
[    9.413967] raid6: sse2x4   xor()  8438 MB/s
[    9.481806] raid6: avx2x1   gen() 15536 MB/s
[    9.551654] raid6: avx2x2   gen() 19401 MB/s
[    9.630928] raid6: avx2x4   gen() 21230 MB/s
[    9.634119] raid6: using algorithm avx2x4 gen() 21230 MB/s
[    9.640624] raid6: using avx2x2 recovery algorithm
[    9.644523] xor: automatically using best checksumming function:
[    9.685842]    avx       : 21905.000 MB/sec
[    9.691508] async_tx: api initialized (async)
[    9.703973] md: raid6 personality registered for level 6
[    9.709745] md: raid5 personality registered for level 5
[    9.712184] md: raid4 personality registered for level 4
[    9.729106] md: raid10 personality registered for level 10
done.
Begin: Running /scripts/init-premount ... done.
Begin: Mounting root file system ... Begin: Running /scripts/local-top ... done.
Begin: Running /scripts/local-premount ... [    9.773696] Btrfs loaded
Scanning for Btrfs filesystems
done.
Warning: fsck not present, so skipping root file system
[    9.836694] EXT4-fs (sda1): mounted filesystem with ordered data mode. Opts: (null)
done.
Begin: Running /scripts/local-bottom ... done.
Begin: Running /scripts/init-bottom ... done.
[   10.029480] systemd[1]: systemd 229 running in system mode. (+PAM +AUDIT +SELINUX +IMA +APPARMOR +SMACK +SYSVINIT +UTMP +LIBCRYPTSETUP +GCRYPT +GNUTLS +ACL +XZ -LZ4 +SECCOMP +BLKID +ELFUTILS +KMOD -IDN)
[   10.057012] systemd[1]: Detected virtualization oracle.
[   10.064746] systemd[1]: Detected architecture x86-64.

Welcome to [1mUbuntu 16.04.5 LTS[0m!

[   10.084513] systemd[1]: Set hostname to <ubuntu>.
[   10.096479] systemd[1]: Initializing machine ID from random generator.
[   10.109646] systemd[1]: Installed transient /etc/machine-id file.
[   10.394561] systemd[1]: Started Forward Password Requests to Wall Directory Watch.
[[0;32m  OK  [0m] Started Forward Password Requests to Wall Directory Watch.
[   10.430774] systemd[1]:Listenig on udev Control Socket.

[[0;32m  OK  [0m] Listening on udev Control Socket.
[   10.493087] systemd[1]: Created slice User and Session Slice.
[[0;32m  OK  [0m] Created slice User and Session Slice.
[   10.518491] systemd[1]: Listening on Journal Socket (/dev/log).
[[0;32m  OK  [0m] Listening on Journal Socket (/dev/log).
[  10.55242] systemd[1]: Listening on /ev/initctl Compatibility Named Pipe.

[[0;32m  OK  [0m] Listening on /dev/initctl Compatibility Named Pipe.
[   10.646844] systemd[1]: Listening on LVM2 poll daemon socket.
[[0;32m  OK  [0m] Listening on LVM2 poll daemon socket.
[   10.659258] systemd[1]: Reached target Encrypted Volumes.
[[0;32m  OK  [0m] Reached target Encrypted Volumes.
[   10.667567] systemd[1]: Created slice System Slice.
[[0;32m  OK  [0m] Created slice System Slice.
[   10.684826] systemd[1]: Created slice system-serial\x2dgetty.slice.
[[0;32m  OK  [0m] Created slice system-serial\x2dgetty.slice.
[   10.694385] systemd[1]: Started Trigger resolvconf update for networkd DNS.
[[0;32m  OK  [0m] Started Trigger resolvconf update for networkd DNS.
[   10.708658] systemd[1]: Listening on LVM2 metadata daemon socket.
[[0;32m  OK  [0m] Listening on LVM2 metadata daemon socket.
[   10.730202] systemd[1]: Listening on Journal cket.

[[0;32m  OK  [0m] Listening on Journal Socket.
[   10.810633] systemd[1]: Starting Create list of required static device nodes for the current kernel...
         Starting Create list of required st... nodes for the current kernel...
[   10.835625] systemd[1]: Starting Remount Root and Kernel File Systems...
         Startin[   10.844068] EXT4-fs (sda1): re-mounted. Opts: (null)
g Remount Root and Kernel File Systems...
[   10.852608] systemd[1]: Mounting POSIX Message Queue File System...
         Mounting POSIX Message Queue File System...
[   10.863773] systemd[1]: Mounting Debug File System...
         Mounting Debug File System...
[   10.876940] systemd[1]: Mounting Huge Pages File System...
         Mounting Huge Pages File System...
[   10.894733] systemd[1]: Starting Uncomplicated firewall...
         Starting Uncomplicated firewall...
[   10.923877] systemd[1]: Starting Nameserver information manager...
         Starting Nameserver information manager...
[   10.937144] systemd[1]: Starting Set console keymap...
         Starting Set console keymap...
[   10.942937] systemd[1]: Listening on Device-mapper event daemon FIFOs.
[[0;32m  OK  [0m] Listening on Device-mapper event daemon FIFOs.
[   10.950739] systemd[1]: Starting Monitoring of LVM2 mirrors, snapshots etc. using dmeventd or progress polling...
         Starting Monitoring of LVM2 mirrors... dmeventd or progress polling...
[   10.978959] systemd[1]: Starting Load Kernel Modules...
         Starting Load Kernel Modules...
[   10.991469] systemd[1]: Reached target Swap.
[[0;32m  OK  [0m] Reached target Swap.
[   10.997166] Loading iSCSI transport class v2.0-870.
[   10.997210] systemd[1]: Listening on Syslog Socket.
[[0;32m  OK  [0m] Listening on Syslog Socket.
[   11.010870] systemd[1]: Set up automount Arbitrary Executable File Formats File System Automount Point.
[[0;32m  OK  [0m] Set up automount Arbitrary Executab...ats File System Automount Point.
[   11.019463] iscsi: registered transport (tcp)
[   11.022828] systemd[1]: Reached target Slices.
[[0;32m  OK  [0m] Reached target Slices.
[   11.034905] systemd[1]: Listening on Journal Audit Socket.
[[0;32m  OK  [0m] Listening on Journal Audit Socket.
[   11.054104] systemd[1]: Starting Journal Service...
         Starting Journal Service...
[   11.059315] systemd[1]: Listening on udev Kernel Socket.
[   11.070338] iscsi: registered transport (iser)
[[0;32m  OK  [0m] Listening on udev Kernel Socket.
[   11.074426] systemd[1]: Reached target System Time Synchronized.
[[0;32m  OK  [0m] Reached target System Time Synchronized.
[   11.094012] systemd[1]: Reached target User and Group Name Lookups.
[[0;32m  OK  [0m] Reached target User and Group Name Lookups.
[   11.119848] systemd[1]: Mounted Huge Pages File System.
[[0;32m  OK  [0m] Mounted Huge Pages File System.
[   11.129155] systemd[1]: Mounted POSIX Message Queue File System.
[[0;32m  OK  [0m] Mounted POSIX Message Queue File System.
[   11.146941] systemd[1]: Mounted Debug File System.
[[0;32m  OK  [0m] Mounted Debug File System.
[   11.168565] systemd[1]: Started Journal Service.
[[0;32m  OK  [0m] Started Journal Service.
[[0;32m  OK  [0m] Started Create list of required sta...ce nodes for the current kernel.
[[0;32m  OK  [0m] Started Remount Root and Kernel File Systems.
[[0;32m  OK  [0m] Started Uncomplicated firewall.
[[0;32m  OK  [0m] Started Set console keymap.
[[0;32m  OK  [0m] Started Load Kernel Modules.
[[0;32m  OK  [0m] Started Nameserver information manager.
[[0;32m  OK  [0m] Started LVM2 metadata daemon.
         Starting Apply Kernel Variables...
         Mounting FUSE Control File System...
         Starting udev Coldplug all Devices...
         Starting Load/Save Random Seed...
         Starting Create Static Device Nodes in /dev...
         Starting Flush Journal to Persistent Storage...
[[0;32m  OK  [0m] Mounted FUSE Control File System.
[[0;32m  OK  [0m] Started Apply Kernel Variables.
[[0;32m  OK  [0m] Started Load/Save Random Seed.
[[0;32m  OK  [0m] Started Create Static Device Nodes in /dev.
[[0;32m  OK  [0m] Started Flush Journal to Persistent Storage.
[[0;32m  OK  [0m] Started udev Coldplug all Devices.
         Starting udev Kernel Device Manager...
[[0;32m  OK  [0m] Started Monitoring of LVM2 mirrors,...ng dmeventd or progress polling.
[[0;32m  OK  [0m] Started udev Kernel Device Manager.
[[0;32m  OK  [0m] Started Dispatch Password Requests to Console Directory Watch.
[[0;32m  OK  [0m] Reached target Local File Systems (Pre).
[[0;32m  OK  [0m] Reached target Local File Systems.
         Starting Create Volatile Files and Directories...
         Starting LSB: AppArmor initialization...
         Starting Commit a transient machine-id on disk...
         Starting Initial cloud-init job (pre-networking)...
         Starting Set console font and keymap...
         Starting Tell Plymouth To Write Out Runtime Data...
[[0;32m  OK  [0m] Started Create Volatile Files and Directories.
[[0;32m  OK  [0m] Started Commit a transient machine-id on disk.
[[0;32m  OK  [0m] Started Tell Plymouth To Write Out Runtime Data.
[[0;32m  OK  [0m] Found device /dev/ttyS0.
[[0;32m  OK  [0m] Listening on Load/Save RF Kill Switch Status /dev/rfkill Watch.
         Starting Update UTMP about System Boot/Shutdown...
[   10.605239] cloud-init[487]: Cloud-init v. 18.4-0ubuntu1~16.04.2 running 'init-local' at Thu, 29 Nov 2018 19:13:17 +0000. Up 10.06 seconds.
[[0;32m  OK  [0m] Started Update UTMP about System Boot/Shutdown.
[[0;32m  OK  [0m] Started LSB: AppArmor initialization.
[[0;32m  OK  [0m] Started Set console font and keymap.
[[0;32m  OK  [0m] Started Initial cloud-init job (pre-networking).
[[0;32m  OK  [0m] Reached target Network (Pre).
[[0;32m  OK  [0m] Created slice system-getty.slice.
         Starting Raise network interfaces...
[[0;32m  OK  [0m] Started Raise network interfaces.
         Starting Initial cloud-init job (metadata service crawler)...
[[0;32m  OK  [0m] Reached target Network.
[   12.525515] cloud-init[939]: Cloud-init v. 18.4-0ubuntu1~16.04.2 running 'init' at Thu, 29 Nov 2018 19:13:19 +0000. Up 11.74 seconds.
[   12.530997] cloud-init[939]: ci-info: ++++++++++++++++++++++++++++++++++++++Net device info++++++++++++++++++++++++++++++++++++++
[   12.537859] cloud-init[939]: ci-info: +--------+-------+---------------------------+---------------+--------+-------------------+
[   12.559299] cloud-init[939]: ci-info: | Device |   Up  |          Address          |      Mask     | Scope  |     Hw-Address    |
[   12.567013] cloud-init[939]: ci-info: +--------+-------+---------------------------+---------------+--------+-------------------+
[   12.598913] cloud-init[939]: ci-info: | enp0s3 |  True |         10.0.2.15         | 255.255.255.0 | global | 02:6c:0f:88:42:07 |
[   12.608888] cloud-init[939]: ci-info: | enp0s3 |  True | fe80::6c:fff:fe88:4207/64 |       .       |  link  | 02:6c:0f:88:42:07 |
[   12.614788] cloud-init[939]: ci-info: | enp0s8 | False |             .             |       .       |   .    | 08:00:27:2f:d4:38 |
[   12.632546] cloud-init[939]: ci-info: |   lo   |  True |         127.0.0.1         |   255.0.0.0   |  host  |         .         |
[   12.653811] cloud-init[939]: ci-info: |   lo   |  True |          ::1/128          |       .       |  host  |         .         |
[   12.654608] cloud-init[939]: ci-info: +--------+-------+---------------------------+---------------+--------+-------------------+
[[0;32m  OK  [0m] Started Initial cloud-init job (metadata service crawler).
[   12.655870] cloud-init[939]: ci-info: +++++++++++++++++++++++++++Route IPv4 info++++++++++++++++++++++++++++
[[   12.677661] cloud-init[939]: ci-info: +-------+-------------+----------+---------------+-----------+-------+
[   12.678517] cloud-init[939]: ci-info: | Route | Destination | Gateway  |    Genmask    | Interface | Flags |
[   12.683244] cloud-init[939]: ci-info: +-------+-------------+----------+---------------+-----------+-------+
[0;32m  OK  [0m] Reached target System Initialization.
[[   12.686037] cloud-init[939]: ci-info: |   0   |   0.0.0.0   | 10.0.2.2 |    0.0.0.0    |   enp0s3  |   UG  |
[   12.702217] cloud-init[939]: ci-info: |   1   |   10.0.2.0  | 0.0.0.0  | 255.255.255.0 |   enp0s3  |   U   |
[   12.707088] cloud-init[939]: ci-info: +-------+-------------+----------+---------------+-----------+-------+
[   12.710233] cloud-init[939]: ci-info: +++++++++++++++++++Route IPv6 info+++++++++++++++++++
[0;32m  OK  [0m] Listening on D-Bus System Message Bus Socket.
[   12.711778] cloud-init[939]: ci-info: +-------+-------------+---------+-----------+-------+
[   12.737532] cloud-init[939]: ci-info: | Route | Destination | Gateway | Interface | Flags |
[   12.742001] cloud-init[939]: ci-info: +-------+-------------+---------+-----------+-------+
[[0;32m  OK  [0m] Started Daily apt download activities.
[   12.744187] cloud-init[939]: ci-info: |   0   |  fe80::/64  |    ::   |   enp0s3  |   U   |
[   12.780532] cloud-init[939]: ci-info: |   3   |   ff00::/8  |    ::   |   enp0s3  |   U   |
[   12.781711] [cloud-init[0;32m  OK  [0m[939]: ] ci-info: +-------+-------------+---------+-----------+-------+Started ACPI Events Check.

[   12.782643] cloud-init[939]: Generating public/private rsa key pair.
[   12.808867] cloud-init[939]: Your identification has been saved in /etc/ssh/ssh_host_rsa_key.
[   12.811846] cloud-init[939]: Your public key has been saved in /etc/ssh/ssh_host_rsa_key.pub.
[[0;32m  OK  [0m] Reached target Paths.
[[   12.813028] cloud-init[939]: The key fingerprint is:
[   12.831888] cloud-init[939]: SHA256:PaPvsg5kJgaGk7/7QziC1ZpxicWJ7FNxDK7+UTgPewA root@ubuntu-xenial
[   12.834447] cloud-init[939]: The key's randomart image is:
[   12.835396] cloud-init[939]: +---[RSA 2048]----+
[   12.839635] cloud-init[939]: | . oo=.          |
[   12.842139] cloud-init[939]: | oo.=..          |
[   12.842777] cloud-init[939]: |+.E=..           |
[   12.843902] cloud-init[939]: | +*++.   .       |
[0;32m  OK  [0m] Started Daily apt upgrade and clean activities.
[   12.845876] cloud-init[939]: |..oBB = S +      |
[   12.850779] cloud-init[939]: |o.=o.%   . o     |
[   12.852839] [[0;32m  OK  [0m] Started Daily Cleanup of Temporary Directories.
cloud-init[939]: | .ooo + .        |
[   12.862418] cloud-init[939]: |   o.o ...       |
[   12.863197] cloud-init[939]: |  ..o. .o+o      |
[[0;32m  OK  [0m] Reached target Timers.
[   12.864575] cloud-init[939]: +----[SHA256]-----+
[   12.877127] cloud-init[939]: Generating public/private dsa key pair.
[   12.879187] cloud-init[939]: Your identification has been saved in /etc/ssh/ssh_host_dsa_key.
[   12.879236] cloud-init[939]: Your public key has been saved in /etc/ssh/ssh_host_dsa_key.pub.
[   12.879278] cloud-init[939]: The key fingerprint is:
[   12.879318] cloud-init[939]: SHA256:YClBbUcBCBKkBOjQcRJoCntf/dCCWxzEJtUeStt2wh8 root@ubuntu-xenial
[   12.879358] cloud-init[939]: The key's randomart image is:
[   12.879405] cloud-init[939]: +---[DSA 1024]----+
[   12.879445] cloud-init[939]: |B*==+o.*=o       |
[   12.879484] cloud-init[939]: |Bo.o..+.* o      |
[   12.879524] cloud-init[939]: |B.  ..+O O .     |
[   12.879564] cloud-init[939]: |o..  oo.O B E    |
[   12.879605] cloud-init[939]: | . . . oS= + .   |
[   12.879644] cloud-init[939]: |    . .   . .    |
[   12.879688] cloud-init[939]: |                 |
[   12.879729] cloud-init[939]: |                 |
[   12.879769] cloud-init[939]: |                 |
[   12.879808] cloud-init[939]: +----[SHA256]-----+
[   12.879847] cloud-init[939]: Generating public/private ecdsa key pair.
[   12.879888] cloud-init[939]: Your identification has been saved in /etc/ssh/ssh_host_ecdsa_key.
[   12.879928] cloud-init[939]: Your public key has been saved in /etc/ssh/ssh_host_ecdsa_key.pub.
[   12.879970] cloud-init[939]: The key fingerprint is:
[   12.880064] cloud-init[939]: SHA256:cAQX4PZch3SL3cW34rj4uhcZ8+zlFt8KCxbzLFpjsAY root@ubuntu-xenial
[   12.880114] cloud-init[939]: The key's randomart image is:
[   12.880180] cloud-init[939]: +---[ECDSA 256]---+
[   12.880229] cloud-init[939]: |      oo+.. .  ..|
[   12.880274] cloud-init[939]: |     . o . = o .o|
[   12.880315] cloud-init[939]: |      + . + + . o|
[   12.880354] cloud-init[939]: |     . = . + . . |
[   12.880394] cloud-init[939]: |      E S o O .  |
[   12.880435] cloud-init[939]: |       . o O + o |
[   12.880475] cloud-init[939]: |        o O B o +|
[   12.880514] cloud-init[939]: |       . * * + oo|
[   12.880553] cloud-init[939]: |        .o=.. o. |
[   12.880592] cloud-init[939]: +----[SHA256]-----+
[   12.880630] cloud-init[939]: Generating public/private ed25519 key pair.
[   12.880669] cloud-init[939]: Your identification has been saved in /etc/ssh/ssh_host_ed25519_key.
[   12.880709] cloud-init[939]: Your public key has been saved in /etc/ssh/ssh_host_ed25519_key.pub.
[   12.880751] cloud-init[939]: The key fingerprint is:
[   12.880790] cloud-init[939]: SHA256:qiyAAWCsT3Ks6VjwUQvdDCZMBoGnh16ny1rZp3qPLUo root@ubuntu-xenial
[   12.880830] cloud-init[939]: The key's randomart image is:
[   12.880868] cloud-init[939]: +--[ED25519 256]--+
[   12.880907] cloud-init[939]: |B*+.o+           |
[   12.880946] cloud-init[939]: |+o+oo o          |
[   12.881174] cloud-init[939]: |o= o .           |
[   12.881222] cloud-init[939]: |B *...           |
[   12.881262] cloud-init[939]: |o%..o   S        |
[   12.881301] cloud-init[939]: |=.+.o  .         |
[   12.881347] cloud-init[939]: |oo.E....         |
[   12.881386] cloud-init[939]: |..++ +=          |
[   12.881425] cloud-init[939]: | ..+*ooo         |
[   12.881464] cloud-init[939]: +----[SHA256]-----+
[[0;32m  OK  [0m] Listening on ACPID Listen Socket.
[[0;32m  OK  [0m] Listening on UUID daemon activation socket.
         Starting LXD - unix socket.
         Starting Socket activation for snappy daemon.
[[0;32m  OK  [0m] Reached target Network is Online.
         Starting iSCSI initiator daemon (iscsid)...
[[0;32m  OK  [0m] Reached target Cloud-config availability.
[[0;32m  OK  [0m] Listening on LXD - unix socket.
[[0;32m  OK  [0m] Listening on Socket activation for snappy daemon.
[[0;32m  OK  [0m] Started iSCSI initiator daemon (iscsid).
         Starting Login to default iSCSI targets...
[[0;32m  OK  [0m] Reached target Sockets.
[[0;32m  OK  [0m] Reached target Basic System.
[[0;32m  OK  [0m] Started Unattended Upgrades Shutdown.
[[0;32m  OK  [0m] Started D-Bus System Message Bus.
[[0;32m  OK  [0m] Started Regular background program processing daemon.
[[0;32m  OK  [0m] Started ACPI event daemon.
         Starting Snappy daemon...
         Starting Pollinate to seed the pseudo random number generator...
         Starting /etc/rc.local Compatibility...
         Starting System Logging Service...
         Starting LXD - container startup/shutdown...
[[0;32m  OK  [0m] Started Deferred execution scheduler.
         Starting LSB: Record successful boot for GRUB...
         Starting Login Service...
[[0;32m  OK  [0m] Started FUSE filesystem for LXC.
         Starting LSB: MD monitoring daemon...
         Starting Virtualbox guest utils...
         Starting Accounts Service...
[[0;32m  OK  [0m] Started System Logging Service.
[[0;32m  OK  [0m] Started /etc/rc.local Compatibility.
[[0;32m  OK  [0m] Started Login to default iSCSI targets.
[[0;32m  OK  [0m] Started Login Service.
[[0;32m  OK  [0m] Started LSB: Record successful boot for GRUB.
[[0;32m  OK  [0m] Started LSB: MD monitoring daemon.
         Starting Authenticate and Authorize Users to Run Privileged Tasks...
[[0;32m  OK  [0m] Reached target Remote File Systems (Pre).
[[0;32m  OK  [0m] Reached target Remote File Systems.
         Starting LSB: Set the CPU Frequency Scaling governor to "ondemand"...
         Starting LSB: automatic crash report generation...
         Starting LSB: daemon to balance interrupts for SMP systems...
         Starting Permit User Sessions...
[[0;32m  OK  [0m] Started LXD - container startup/shutdown.
[[0;32m  OK  [0m] Started Virtualbox guest utils.
[[0;32m  OK  [0m] Started Permit User Sessions.
[[0;32m  OK  [0m] Started Snappy daemon.
[[0;32m  OK  [0m] Started Authenticate and Authorize Users to Run Privileged Tasks.
[[0;32m  OK  [0m] Started Accounts Service.
[[0;32m  OK  [0m] Started LSB: Set the CPU Frequency Scaling governor to "ondemand".
         Starting Wait until snapd is fully seeded...
         Starting Hold until boot process finishes up...
         Starting Terminate Plymouth Boot Screen...
[[0;32m  OK  [0m] Started LSB: automatic crash report generation.
[[0;32m  OK  [0m] Started LSB: daemon to balance interrupts for SMP systems.
[[0;32m  OK  [0m] Started Hold until boot process finishes up.
[[0;32m  OK  [0m] Started Terminate Plymouth Boot Screen.
[[0;32m  OK  [0m] Started Getty on tty1.
         Starting Set console scheme...
[[0;32m  OK  [0m] Started Serial Getty on ttyS0.
[[0;32m  OK  [0m] Reached target Login Prompts.
[[0;32m  OK  [0m] Started Set console scheme.
[[0;32m  OK  [0m] Started Pollinate to seed the pseudo random number generator.
         Starting OpenBSD Secure Shell server...
[[0;32m  OK  [0m] Started OpenBSD Secure Shell server.
[[0;32m  OK  [0m] Created slice User Slice of vagrant.
         Starting User Manager for UID 1000...
[[0;32m  OK  [0m] Started Session 1 of user vagrant.
[[0;32m  OK  [0m] Started User Manager for UID 1000.
[[0;32m  OK  [0m] Started Wait until snapd is fully seeded.
[[0;32m  OK  [0m] Reached target Multi-User System.
[[0;32m  OK  [0m] Reached target Graphical Interface.
         Starting Update UTMP about System Runlevel Changes...
         Starting Apply the settings specified in cloud-config...
[[0;32m  OK  [0m] Started Update UTMP about System Runlevel Changes.
         Stopping User Manager for UID 1000...
[[0;32m  OK  [0m] Stopped User Manager for UID 1000.
[[0;32m  OK  [0m] Removed slice User Slice of vagrant.
[[0;32m  OK  [0m] Created slice User Slice of vagrant.
         Starting User Manager for UID 1000...
[[0;32m  OK  [0m] Started Session 2 of user vagrant.
[[0;32m  OK  [0m] Started User Manager for UID 1000.
[   18.390519] cloud-init[1448]: Generating locales (this might take a while)...
[   19.822237] cloud-init[1448]:   en_US.UTF-8... done
[   19.824220] cloud-init[1448]: Generation complete.
[   20.438224] cloud-init[1448]: Cloud-init v. 18.4-0ubuntu1~16.04.2 running 'modules:config' at Thu, 29 Nov 2018 19:13:26 +0000. Up 18.25 seconds.

Ubuntu 16.04.5 LTS ubuntu-xenial ttyS0

ubuntu-xenial login: ci-info: no authorized ssh keys fingerprints found for user ubuntu.
<14>Nov 29 19:13:29 ec2: 
<14>Nov 29 19:13:29 ec2: #############################################################
<14>Nov 29 19:13:29 ec2: -----BEGIN SSH HOST KEY FINGERPRINTS-----
<14>Nov 29 19:13:29 ec2: 1024 SHA256:YClBbUcBCBKkBOjQcRJoCntf/dCCWxzEJtUeStt2wh8 root@ubuntu-xenial (DSA)
<14>Nov 29 19:13:29 ec2: 256 SHA256:cAQX4PZch3SL3cW34rj4uhcZ8+zlFt8KCxbzLFpjsAY root@ubuntu-xenial (ECDSA)
<14>Nov 29 19:13:29 ec2: 256 SHA256:qiyAAWCsT3Ks6VjwUQvdDCZMBoGnh16ny1rZp3qPLUo root@ubuntu-xenial (ED25519)
<14>Nov 29 19:13:29 ec2: 2048 SHA256:PaPvsg5kJgaGk7/7QziC1ZpxicWJ7FNxDK7+UTgPewA root@ubuntu-xenial (RSA)
<14>Nov 29 19:13:29 ec2: -----END SSH HOST KEY FINGERPRINTS-----
<14>Nov 29 19:13:29 ec2: #############################################################
-----BEGIN SSH HOST KEY KEYS-----
ecdsa-sha2-nistp256 AAAAE2VjZHNhLXNoYTItbmlzdHAyNTYAAAAIbmlzdHAyNTYAAABBBGxgdrzb9dW7sphT8vKyHZCo6PAQbRT5mO5nAm8zKMiyYtUNRMxRtYBnW1b3VzZaC4OrO5zasuDj/rEaRAZiTBQ= root@ubuntu-xenial
ssh-ed25519 AAAAC3NzaC1lZDI1NTE5AAAAICe4LJBk0JHw2B7wGAlM6uWLUoCmWMafzrZJmQurx3io root@ubuntu-xenial
ssh-rsa AAAAB3NzaC1yc2EAAAADAQABAAABAQCx2miX0zlp5B/qvL7CvmpZxTE8DumkAoUGNjfbq1xXyG9a9r2+2Rk3XoM+LXQK8hPswIX00R01xPa0gydkzY3TFJk/HxkpbJubVVESzxZ6HZO3RYT1SSSvJbtyPPmknlVDTW3NJKGz8sixFPeS/vq/h6cY8796ChL9ifCzz8YFarToJMPNCUa8Hx+/AI9WKucGEat7+eWAYRGzzgixm/FGljTfFAeUqcqVfSYJAHV6HHYxf7zWAENYN/3d8R55n4EAli0RS09yusw4QPMjve6c/5PDL7mVId0rJ3qlTHDcCb8qa62yyBrwx37RRY1qdlm+Fq8U/aWTIOKTHubE8m41 root@ubuntu-xenial
-----END SSH HOST KEY KEYS-----
[   21.738714] cloud-init[1712]: Cloud-init v. 18.4-0ubuntu1~16.04.2 running 'modules:final' at Thu, 29 Nov 2018 19:13:29 +0000. Up 21.36 seconds.
[   21.739048] cloud-init[1712]: ci-info: no authorized ssh keys fingerprints found for user ubuntu.
[   21.739273] cloud-init[1712]: Cloud-init v. 18.4-0ubuntu1~16.04.2 finished at Thu, 29 Nov 2018 19:13:29 +0000. Datasource DataSourceNoCloud [seed=/dev/sdb][dsmode=net].  Up 21.72 seconds
